INSTRUMENTATION_STATUS: class=com.inkr8.lab.LabSecureAcceptanceTest
INSTRUMENTATION_STATUS: current=1
INSTRUMENTATION_STATUS: id=AndroidJUnitRunner
INSTRUMENTATION_STATUS: numtests=7
INSTRUMENTATION_STATUS: stream=
com.inkr8.lab.LabSecureAcceptanceTest:
INSTRUMENTATION_STATUS: test=confirmedMissingDeleteUsesTrustedRepositoryCallback
INSTRUMENTATION_STATUS_CODE: 1
INSTRUMENTATION_STATUS: class=com.inkr8.lab.LabSecureAcceptanceTest
INSTRUMENTATION_STATUS: current=1
INSTRUMENTATION_STATUS: id=AndroidJUnitRunner
INSTRUMENTATION_STATUS: numtests=7
INSTRUMENTATION_STATUS: stream=.
INSTRUMENTATION_STATUS: test=confirmedMissingDeleteUsesTrustedRepositoryCallback
INSTRUMENTATION_STATUS_CODE: 0
INSTRUMENTATION_STATUS: class=com.inkr8.lab.LabSecureAcceptanceTest
INSTRUMENTATION_STATUS: current=2
INSTRUMENTATION_STATUS: id=AndroidJUnitRunner
INSTRUMENTATION_STATUS: numtests=7
INSTRUMENTATION_STATUS: stream=
INSTRUMENTATION_STATUS: test=paidRankedStandardWithRestrictedRules
INSTRUMENTATION_STATUS_CODE: 1
INSTRUMENTATION_STATUS: class=com.inkr8.lab.LabSecureAcceptanceTest
INSTRUMENTATION_STATUS: current=2
INSTRUMENTATION_STATUS: id=AndroidJUnitRunner
INSTRUMENTATION_STATUS: numtests=7
INSTRUMENTATION_STATUS: stream=.
INSTRUMENTATION_STATUS: test=paidRankedStandardWithRestrictedRules
INSTRUMENTATION_STATUS_CODE: 0
INSTRUMENTATION_STATUS: class=com.inkr8.lab.LabSecureAcceptanceTest
INSTRUMENTATION_STATUS: current=3
INSTRUMENTATION_STATUS: id=AndroidJUnitRunner
INSTRUMENTATION_STATUS: numtests=7
INSTRUMENTATION_STATUS: stream=
INSTRUMENTATION_STATUS: test=profileAndOwnSeasonHistoryWithAdminCollectionsDenied
INSTRUMENTATION_STATUS_CODE: 1
INSTRUMENTATION_STATUS: class=com.inkr8.lab.LabSecureAcceptanceTest
INSTRUMENTATION_STATUS: current=3
INSTRUMENTATION_STATUS: id=AndroidJUnitRunner
INSTRUMENTATION_STATUS: numtests=7
INSTRUMENTATION_STATUS: stream=.
INSTRUMENTATION_STATUS: test=profileAndOwnSeasonHistoryWithAdminCollectionsDenied
INSTRUMENTATION_STATUS_CODE: 0
INSTRUMENTATION_STATUS: class=com.inkr8.lab.LabSecureAcceptanceTest
INSTRUMENTATION_STATUS: current=4
INSTRUMENTATION_STATUS: id=AndroidJUnitRunner
INSTRUMENTATION_STATUS: numtests=7
INSTRUMENTATION_STATUS: stream=
INSTRUMENTATION_STATUS: test=practiceStandardWithRestrictedRules
INSTRUMENTATION_STATUS_CODE: 1
INSTRUMENTATION_STATUS: class=com.inkr8.lab.LabSecureAcceptanceTest
INSTRUMENTATION_STATUS: current=4
INSTRUMENTATION_STATUS: id=AndroidJUnitRunner
INSTRUMENTATION_STATUS: numtests=7
INSTRUMENTATION_STATUS: stream=.
INSTRUMENTATION_STATUS: test=practiceStandardWithRestrictedRules
INSTRUMENTATION_STATUS_CODE: 0
INSTRUMENTATION_STATUS: class=com.inkr8.lab.LabSecureAcceptanceTest
INSTRUMENTATION_STATUS: current=5
INSTRUMENTATION_STATUS: id=AndroidJUnitRunner
INSTRUMENTATION_STATUS: numtests=7
INSTRUMENTATION_STATUS: stream=
INSTRUMENTATION_STATUS: test=practiceOnTopicWithRestrictedRules
INSTRUMENTATION_STATUS_CODE: 1
INSTRUMENTATION_STATUS: class=com.inkr8.lab.LabSecureAcceptanceTest
INSTRUMENTATION_STATUS: current=5
INSTRUMENTATION_STATUS: id=AndroidJUnitRunner
INSTRUMENTATION_STATUS: numtests=7
INSTRUMENTATION_STATUS: stream=.
INSTRUMENTATION_STATUS: test=practiceOnTopicWithRestrictedRules
INSTRUMENTATION_STATUS_CODE: 0
INSTRUMENTATION_STATUS: class=com.inkr8.lab.LabSecureAcceptanceTest
INSTRUMENTATION_STATUS: current=6
INSTRUMENTATION_STATUS: id=AndroidJUnitRunner
INSTRUMENTATION_STATUS: numtests=7
INSTRUMENTATION_STATUS: stream=
INSTRUMENTATION_STATUS: test=paidRankedOnTopicWithRestrictedRules
INSTRUMENTATION_STATUS_CODE: 1
INSTRUMENTATION_STATUS: class=com.inkr8.lab.LabSecureAcceptanceTest
INSTRUMENTATION_STATUS: current=6
INSTRUMENTATION_STATUS: id=AndroidJUnitRunner
INSTRUMENTATION_STATUS: numtests=7
INSTRUMENTATION_STATUS: stream=.
INSTRUMENTATION_STATUS: test=paidRankedOnTopicWithRestrictedRules
INSTRUMENTATION_STATUS_CODE: 0
INSTRUMENTATION_STATUS: class=com.inkr8.lab.LabSecureAcceptanceTest
INSTRUMENTATION_STATUS: current=7
INSTRUMENTATION_STATUS: id=AndroidJUnitRunner
INSTRUMENTATION_STATUS: numtests=7
INSTRUMENTATION_STATUS: stream=
INSTRUMENTATION_STATUS: test=realPermissionRejectionPreservesDraftAndText
INSTRUMENTATION_STATUS_CODE: 1
INSTRUMENTATION_STATUS: class=com.inkr8.lab.LabSecureAcceptanceTest
INSTRUMENTATION_STATUS: current=7
INSTRUMENTATION_STATUS: id=AndroidJUnitRunner
INSTRUMENTATION_STATUS: numtests=7
INSTRUMENTATION_STATUS: stream=.
INSTRUMENTATION_STATUS: test=realPermissionRejectionPreservesDraftAndText
INSTRUMENTATION_STATUS_CODE: 0
INSTRUMENTATION_RESULT: stream=

Time: 36.723

OK (7 tests)


INSTRUMENTATION_CODE: -1
