INSTRUMENTATION_STATUS: class=com.inkr8.lab.LabSecureAcceptanceTest
INSTRUMENTATION_STATUS: current=1
INSTRUMENTATION_STATUS: id=AndroidJUnitRunner
INSTRUMENTATION_STATUS: numtests=6
INSTRUMENTATION_STATUS: stream=
com.inkr8.lab.LabSecureAcceptanceTest:
INSTRUMENTATION_STATUS: test=paidRankedStandardWithRestrictedRules
INSTRUMENTATION_STATUS_CODE: 1
INSTRUMENTATION_STATUS: class=com.inkr8.lab.LabSecureAcceptanceTest
INSTRUMENTATION_STATUS: current=1
INSTRUMENTATION_STATUS: id=AndroidJUnitRunner
INSTRUMENTATION_STATUS: numtests=6
INSTRUMENTATION_STATUS: stream=.
INSTRUMENTATION_STATUS: test=paidRankedStandardWithRestrictedRules
INSTRUMENTATION_STATUS_CODE: 0
INSTRUMENTATION_STATUS: class=com.inkr8.lab.LabSecureAcceptanceTest
INSTRUMENTATION_STATUS: current=2
INSTRUMENTATION_STATUS: id=AndroidJUnitRunner
INSTRUMENTATION_STATUS: numtests=6
INSTRUMENTATION_STATUS: stream=
INSTRUMENTATION_STATUS: test=profileAndOwnSeasonHistoryWithAdminCollectionsDenied
INSTRUMENTATION_STATUS_CODE: 1
INSTRUMENTATION_STATUS: class=com.inkr8.lab.LabSecureAcceptanceTest
INSTRUMENTATION_STATUS: current=2
INSTRUMENTATION_STATUS: id=AndroidJUnitRunner
INSTRUMENTATION_STATUS: numtests=6
INSTRUMENTATION_STATUS: stack=java.lang.AssertionError: No node found that matches Text + InputText + EditableText contains '1997-01' (ignoreCase: false) in scrollable container
Semantics of the node:
Node #197 at (l=16.0, t=76.0, r=304.0, b=528.0)px
CollectionInfo = 'CollectionInfo(rowCount=2, columnCount=1)'
IsTraversalGroup = 'true'
Shape = 'androidx.compose.foundation.VerticalScrollableClipShape@f0e9e94'
VerticalScrollAxisRange = 'ScrollAxisRange(value=0.0, maxValue=0.0, reverseScrolling=false)'
Actions = [GetScrollViewportLength, IndexForKey, ScrollBy, ScrollByOffset, ScrollToIndex]
Has 3 children, 3 siblings
Selector used: (((ScrollToIndex is defined) && (ScrollBy is defined)) && ((HorizontalScrollAxisRange is defined) || (VerticalScrollAxisRange is defined)))

	at androidx.compose.ui.test.ActionsKt.performScrollToNode(Actions.kt:256)
	at com.inkr8.lab.LabSecureAcceptanceTest.profileAndOwnSeasonHistoryWithAdminCollectionsDenied(LabSecureAcceptanceTest.kt:79)

INSTRUMENTATION_STATUS: stream=
Error in profileAndOwnSeasonHistoryWithAdminCollectionsDenied(com.inkr8.lab.LabSecureAcceptanceTest):
java.lang.AssertionError: No node found that matches Text + InputText + EditableText contains '1997-01' (ignoreCase: false) in scrollable container
Semantics of the node:
Node #197 at (l=16.0, t=76.0, r=304.0, b=528.0)px
CollectionInfo = 'CollectionInfo(rowCount=2, columnCount=1)'
IsTraversalGroup = 'true'
Shape = 'androidx.compose.foundation.VerticalScrollableClipShape@f0e9e94'
VerticalScrollAxisRange = 'ScrollAxisRange(value=0.0, maxValue=0.0, reverseScrolling=false)'
Actions = [GetScrollViewportLength, IndexForKey, ScrollBy, ScrollByOffset, ScrollToIndex]
Has 3 children, 3 siblings
Selector used: (((ScrollToIndex is defined) && (ScrollBy is defined)) && ((HorizontalScrollAxisRange is defined) || (VerticalScrollAxisRange is defined)))

	at androidx.compose.ui.test.ActionsKt.performScrollToNode(Actions.kt:256)
	at com.inkr8.lab.LabSecureAcceptanceTest.profileAndOwnSeasonHistoryWithAdminCollectionsDenied(LabSecureAcceptanceTest.kt:79)

INSTRUMENTATION_STATUS: test=profileAndOwnSeasonHistoryWithAdminCollectionsDenied
INSTRUMENTATION_STATUS_CODE: -2
INSTRUMENTATION_STATUS: class=com.inkr8.lab.LabSecureAcceptanceTest
INSTRUMENTATION_STATUS: current=3
INSTRUMENTATION_STATUS: id=AndroidJUnitRunner
INSTRUMENTATION_STATUS: numtests=6
INSTRUMENTATION_STATUS: stream=
INSTRUMENTATION_STATUS: test=practiceStandardWithRestrictedRules
INSTRUMENTATION_STATUS_CODE: 1
INSTRUMENTATION_STATUS: class=com.inkr8.lab.LabSecureAcceptanceTest
INSTRUMENTATION_STATUS: current=3
INSTRUMENTATION_STATUS: id=AndroidJUnitRunner
INSTRUMENTATION_STATUS: numtests=6
INSTRUMENTATION_STATUS: stream=.
INSTRUMENTATION_STATUS: test=practiceStandardWithRestrictedRules
INSTRUMENTATION_STATUS_CODE: 0
INSTRUMENTATION_STATUS: class=com.inkr8.lab.LabSecureAcceptanceTest
INSTRUMENTATION_STATUS: current=4
INSTRUMENTATION_STATUS: id=AndroidJUnitRunner
INSTRUMENTATION_STATUS: numtests=6
INSTRUMENTATION_STATUS: stream=
INSTRUMENTATION_STATUS: test=practiceOnTopicWithRestrictedRules
INSTRUMENTATION_STATUS_CODE: 1
INSTRUMENTATION_STATUS: class=com.inkr8.lab.LabSecureAcceptanceTest
INSTRUMENTATION_STATUS: current=4
INSTRUMENTATION_STATUS: id=AndroidJUnitRunner
INSTRUMENTATION_STATUS: numtests=6
INSTRUMENTATION_STATUS: stream=.
INSTRUMENTATION_STATUS: test=practiceOnTopicWithRestrictedRules
INSTRUMENTATION_STATUS_CODE: 0
INSTRUMENTATION_STATUS: class=com.inkr8.lab.LabSecureAcceptanceTest
INSTRUMENTATION_STATUS: current=5
INSTRUMENTATION_STATUS: id=AndroidJUnitRunner
INSTRUMENTATION_STATUS: numtests=6
INSTRUMENTATION_STATUS: stream=
INSTRUMENTATION_STATUS: test=paidRankedOnTopicWithRestrictedRules
INSTRUMENTATION_STATUS_CODE: 1
INSTRUMENTATION_STATUS: class=com.inkr8.lab.LabSecureAcceptanceTest
INSTRUMENTATION_STATUS: current=5
INSTRUMENTATION_STATUS: id=AndroidJUnitRunner
INSTRUMENTATION_STATUS: numtests=6
INSTRUMENTATION_STATUS: stream=.
INSTRUMENTATION_STATUS: test=paidRankedOnTopicWithRestrictedRules
INSTRUMENTATION_STATUS_CODE: 0
INSTRUMENTATION_STATUS: class=com.inkr8.lab.LabSecureAcceptanceTest
INSTRUMENTATION_STATUS: current=6
INSTRUMENTATION_STATUS: id=AndroidJUnitRunner
INSTRUMENTATION_STATUS: numtests=6
INSTRUMENTATION_STATUS: stream=
INSTRUMENTATION_STATUS: test=realPermissionRejectionPreservesDraftAndText
INSTRUMENTATION_STATUS_CODE: 1
INSTRUMENTATION_STATUS: class=com.inkr8.lab.LabSecureAcceptanceTest
INSTRUMENTATION_STATUS: current=6
INSTRUMENTATION_STATUS: id=AndroidJUnitRunner
INSTRUMENTATION_STATUS: numtests=6
INSTRUMENTATION_STATUS: stack=java.lang.AssertionError: Failed to inject touch input.
Reason: Expected exactly '1' node but could not find any node that satisfies: ((OnClick is defined) && (Text + InputText + EditableText contains 'Submit' (ignoreCase: false)))

	at androidx.compose.ui.test.SemanticsNodeInteraction.fetchOneOrThrow(SemanticsNodeInteraction.kt:178)
	at androidx.compose.ui.test.SemanticsNodeInteraction.fetchOneOrThrow$default(SemanticsNodeInteraction.kt:150)
	at androidx.compose.ui.test.SemanticsNodeInteraction.fetchSemanticsNode(SemanticsNodeInteraction.kt:84)
	at androidx.compose.ui.test.ActionsKt.performTouchInput(Actions.kt:401)
	at androidx.compose.ui.test.AndroidActions.performClickImpl(Actions.android.kt:23)
	at androidx.compose.ui.test.ActionsKt.performClick(Actions.kt:59)
	at com.inkr8.lab.LabSecureAcceptanceTest.realPermissionRejectionPreservesDraftAndText(LabSecureAcceptanceTest.kt:88)

INSTRUMENTATION_STATUS: stream=
Error in realPermissionRejectionPreservesDraftAndText(com.inkr8.lab.LabSecureAcceptanceTest):
java.lang.AssertionError: Failed to inject touch input.
Reason: Expected exactly '1' node but could not find any node that satisfies: ((OnClick is defined) && (Text + InputText + EditableText contains 'Submit' (ignoreCase: false)))

	at androidx.compose.ui.test.SemanticsNodeInteraction.fetchOneOrThrow(SemanticsNodeInteraction.kt:178)
	at androidx.compose.ui.test.SemanticsNodeInteraction.fetchOneOrThrow$default(SemanticsNodeInteraction.kt:150)
	at androidx.compose.ui.test.SemanticsNodeInteraction.fetchSemanticsNode(SemanticsNodeInteraction.kt:84)
	at androidx.compose.ui.test.ActionsKt.performTouchInput(Actions.kt:401)
	at androidx.compose.ui.test.AndroidActions.performClickImpl(Actions.android.kt:23)
	at androidx.compose.ui.test.ActionsKt.performClick(Actions.kt:59)
	at com.inkr8.lab.LabSecureAcceptanceTest.realPermissionRejectionPreservesDraftAndText(LabSecureAcceptanceTest.kt:88)

INSTRUMENTATION_STATUS: test=realPermissionRejectionPreservesDraftAndText
INSTRUMENTATION_STATUS_CODE: -2
INSTRUMENTATION_RESULT: stream=

Time: 29.277
There were 2 failures:
1) profileAndOwnSeasonHistoryWithAdminCollectionsDenied(com.inkr8.lab.LabSecureAcceptanceTest)
java.lang.AssertionError: No node found that matches Text + InputText + EditableText contains '1997-01' (ignoreCase: false) in scrollable container
Semantics of the node:
Node #197 at (l=16.0, t=76.0, r=304.0, b=528.0)px
CollectionInfo = 'CollectionInfo(rowCount=2, columnCount=1)'
IsTraversalGroup = 'true'
Shape = 'androidx.compose.foundation.VerticalScrollableClipShape@f0e9e94'
VerticalScrollAxisRange = 'ScrollAxisRange(value=0.0, maxValue=0.0, reverseScrolling=false)'
Actions = [GetScrollViewportLength, IndexForKey, ScrollBy, ScrollByOffset, ScrollToIndex]
Has 3 children, 3 siblings
Selector used: (((ScrollToIndex is defined) && (ScrollBy is defined)) && ((HorizontalScrollAxisRange is defined) || (VerticalScrollAxisRange is defined)))

	at androidx.compose.ui.test.ActionsKt.performScrollToNode(Actions.kt:256)
	at com.inkr8.lab.LabSecureAcceptanceTest.profileAndOwnSeasonHistoryWithAdminCollectionsDenied(LabSecureAcceptanceTest.kt:79)
2) realPermissionRejectionPreservesDraftAndText(com.inkr8.lab.LabSecureAcceptanceTest)
java.lang.AssertionError: Failed to inject touch input.
Reason: Expected exactly '1' node but could not find any node that satisfies: ((OnClick is defined) && (Text + InputText + EditableText contains 'Submit' (ignoreCase: false)))

	at androidx.compose.ui.test.SemanticsNodeInteraction.fetchOneOrThrow(SemanticsNodeInteraction.kt:178)
	at androidx.compose.ui.test.SemanticsNodeInteraction.fetchOneOrThrow$default(SemanticsNodeInteraction.kt:150)
	at androidx.compose.ui.test.SemanticsNodeInteraction.fetchSemanticsNode(SemanticsNodeInteraction.kt:84)
	at androidx.compose.ui.test.ActionsKt.performTouchInput(Actions.kt:401)
	at androidx.compose.ui.test.AndroidActions.performClickImpl(Actions.android.kt:23)
	at androidx.compose.ui.test.ActionsKt.performClick(Actions.kt:59)
	at com.inkr8.lab.LabSecureAcceptanceTest.realPermissionRejectionPreservesDraftAndText(LabSecureAcceptanceTest.kt:88)

FAILURES!!!
Tests run: 6,  Failures: 2


INSTRUMENTATION_CODE: -1
