INSTRUMENTATION_STATUS: class=com.inkr8.lab.LabSecureAcceptanceTest
INSTRUMENTATION_STATUS: current=1
INSTRUMENTATION_STATUS: id=AndroidJUnitRunner
INSTRUMENTATION_STATUS: numtests=2
INSTRUMENTATION_STATUS: stream=
com.inkr8.lab.LabSecureAcceptanceTest:
INSTRUMENTATION_STATUS: test=profileAndOwnSeasonHistoryWithAdminCollectionsDenied
INSTRUMENTATION_STATUS_CODE: 1
INSTRUMENTATION_STATUS: class=com.inkr8.lab.LabSecureAcceptanceTest
INSTRUMENTATION_STATUS: current=1
INSTRUMENTATION_STATUS: id=AndroidJUnitRunner
INSTRUMENTATION_STATUS: numtests=2
INSTRUMENTATION_STATUS: stream=.
INSTRUMENTATION_STATUS: test=profileAndOwnSeasonHistoryWithAdminCollectionsDenied
INSTRUMENTATION_STATUS_CODE: 0
INSTRUMENTATION_STATUS: class=com.inkr8.lab.LabSecureAcceptanceTest
INSTRUMENTATION_STATUS: current=2
INSTRUMENTATION_STATUS: id=AndroidJUnitRunner
INSTRUMENTATION_STATUS: numtests=2
INSTRUMENTATION_STATUS: stream=
INSTRUMENTATION_STATUS: test=realPermissionRejectionPreservesDraftAndText
INSTRUMENTATION_STATUS_CODE: 1
INSTRUMENTATION_STATUS: class=com.inkr8.lab.LabSecureAcceptanceTest
INSTRUMENTATION_STATUS: current=2
INSTRUMENTATION_STATUS: id=AndroidJUnitRunner
INSTRUMENTATION_STATUS: numtests=2
INSTRUMENTATION_STATUS: stack=java.lang.AssertionError: Failed to inject touch input.
Reason: Expected exactly '1' node but could not find any node that satisfies: ((OnClick is defined) && (Text + InputText + EditableText contains 'Submit' (ignoreCase: false)))

	at androidx.compose.ui.test.SemanticsNodeInteraction.fetchOneOrThrow(SemanticsNodeInteraction.kt:178)
	at androidx.compose.ui.test.SemanticsNodeInteraction.fetchOneOrThrow$default(SemanticsNodeInteraction.kt:150)
	at androidx.compose.ui.test.SemanticsNodeInteraction.fetchSemanticsNode(SemanticsNodeInteraction.kt:84)
	at androidx.compose.ui.test.ActionsKt.performTouchInput(Actions.kt:401)
	at androidx.compose.ui.test.AndroidActions.performClickImpl(Actions.android.kt:23)
	at androidx.compose.ui.test.ActionsKt.performClick(Actions.kt:59)
	at com.inkr8.lab.LabSecureAcceptanceTest.realPermissionRejectionPreservesDraftAndText(LabSecureAcceptanceTest.kt:98)

INSTRUMENTATION_STATUS: stream=
Error in realPermissionRejectionPreservesDraftAndText(com.inkr8.lab.LabSecureAcceptanceTest):
java.lang.AssertionError: Failed to inject touch input.
Reason: Expected exactly '1' node but could not find any node that satisfies: ((OnClick is defined) && (Text + InputText + EditableText contains 'Submit' (ignoreCase: false)))

	at androidx.compose.ui.test.SemanticsNodeInteraction.fetchOneOrThrow(SemanticsNodeInteraction.kt:178)
	at androidx.compose.ui.test.SemanticsNodeInteraction.fetchOneOrThrow$default(SemanticsNodeInteraction.kt:150)
	at androidx.compose.ui.test.SemanticsNodeInteraction.fetchSemanticsNode(SemanticsNodeInteraction.kt:84)
	at androidx.compose.ui.test.ActionsKt.performTouchInput(Actions.kt:401)
	at androidx.compose.ui.test.AndroidActions.performClickImpl(Actions.android.kt:23)
	at androidx.compose.ui.test.ActionsKt.performClick(Actions.kt:59)
	at com.inkr8.lab.LabSecureAcceptanceTest.realPermissionRejectionPreservesDraftAndText(LabSecureAcceptanceTest.kt:98)

INSTRUMENTATION_STATUS: test=realPermissionRejectionPreservesDraftAndText
INSTRUMENTATION_STATUS_CODE: -2
INSTRUMENTATION_RESULT: stream=

Time: 28.949
There was 1 failure:
1) realPermissionRejectionPreservesDraftAndText(com.inkr8.lab.LabSecureAcceptanceTest)
java.lang.AssertionError: Failed to inject touch input.
Reason: Expected exactly '1' node but could not find any node that satisfies: ((OnClick is defined) && (Text + InputText + EditableText contains 'Submit' (ignoreCase: false)))

	at androidx.compose.ui.test.SemanticsNodeInteraction.fetchOneOrThrow(SemanticsNodeInteraction.kt:178)
	at androidx.compose.ui.test.SemanticsNodeInteraction.fetchOneOrThrow$default(SemanticsNodeInteraction.kt:150)
	at androidx.compose.ui.test.SemanticsNodeInteraction.fetchSemanticsNode(SemanticsNodeInteraction.kt:84)
	at androidx.compose.ui.test.ActionsKt.performTouchInput(Actions.kt:401)
	at androidx.compose.ui.test.AndroidActions.performClickImpl(Actions.android.kt:23)
	at androidx.compose.ui.test.ActionsKt.performClick(Actions.kt:59)
	at com.inkr8.lab.LabSecureAcceptanceTest.realPermissionRejectionPreservesDraftAndText(LabSecureAcceptanceTest.kt:98)

FAILURES!!!
Tests run: 2,  Failures: 1


INSTRUMENTATION_CODE: -1
